// Jest Snapshot v1, https://goo.gl/fbAQLP

exports[`Spinner component render correctly 1`] = `
<div
  className="spinner"
>
  <Spin
    size="large"
    spinning={true}
    wrapperClassName=""
  />
</div>
`;
